// Jest Snapshot v1, https://goo.gl/fbAQLP

exports[`<Main /> should render the heading 1`] = `
.c0 {
  background-color: #06092b;
  color: #fff;
  width: 100%;
  height: 100%;
  text-align: center;
  display: -webkit-box;
  display: -webkit-flex;
  display: -ms-flexbox;
  display: flex;
  -webkit-flex-direction: column;
  -ms-flex-direction: column;
  flex-direction: column;
  -webkit-align-items: center;
  -webkit-box-align: center;
  -ms-flex-align: center;
  align-items: center;
  -webkit-box-pack: center;
  -webkit-justify-content: center;
  -ms-flex-pack: center;
  justify-content: center;
  padding: 3rem;
}

.c1 {
  font-size: 7rem;
  font-weight: bold;
  margin-bottom: 2rem;
}

.c2 {
  font-size: 2.5rem;
  margin-bottom: 1rem;
}

.c3 {
  font-size: 2rem;
  font-weight: 400;
}

.c4 {
  width: min(30rem,100%);
  margin-top: 3rem;
}

<main
  class="c0"
>
  <h1
    class="c1"
  >
    Boilerplate
  </h1>
  <h2
    class="c2"
  >
    Next.Js Boilerplate
  </h2>
  <h3
    class="c3"
  >
    Next.Js, React.Js, Typescript e Styled Components
  </h3>
  <img
    alt="Desenvolvedor sentado a frente de um computador"
    class="c4"
    src="/img/hero-illustration.svg"
  />
</main>
`
